// Jest Snapshot v1, https://goo.gl/fbAQLP

exports[`Card matches snapshot 1`] = `
<div
  className="rounded shadow-md p-4 sm:p-6 md:p-8 bg-white dark:bg-gray-800 border border-gray-200 dark:border-gray-700"
>
  <h1>
    hello world
  </h1>
</div>
`;
